// Jest Snapshot v1, https://goo.gl/fbAQLP

exports[`matches GrowthIndicator snapshot 1`] = `
<div
  className="growthIndicator"
  data-testid="growthIndicator"
>
  <svg
    aria-hidden={true}
    className="MuiSvgIcon-root MuiSvgIcon-fontSizeMedium icon icon__up css-i4bv87-MuiSvgIcon-root"
    data-testid="upArrow"
    focusable="false"
    viewBox="0 0 24 24"
  >
    <path
      d="m4 12 1.41 1.41L11 7.83V20h2V7.83l5.58 5.59L20 12l-8-8-8 8z"
    />
  </svg>
  <div
    className="content"
  >
    <div
      className="percentage"
    >
      1.10
    </div>
     %
    <div
      className="descrtption"
    >
      Since yesterday
    </div>
  </div>
</div>
`;

exports[`matches growthIndicator snapshot 1`] = `
<div
  className="growthIndicator"
  data-testid="growthIndicator"
>
  <svg
    aria-hidden={true}
    className="MuiSvgIcon-root MuiSvgIcon-fontSizeMedium icon icon__up css-i4bv87-MuiSvgIcon-root"
    data-testid="upArrow"
    focusable="false"
    viewBox="0 0 24 24"
  >
    <path
      d="m4 12 1.41 1.41L11 7.83V20h2V7.83l5.58 5.59L20 12l-8-8-8 8z"
    />
  </svg>
  <div
    className="content"
  >
    <div
      className="percentage"
    >
      1.10
    </div>
     %
    <div
      className="descrtption"
    >
      Since yesterday
    </div>
  </div>
</div>
`;

exports[`matches snapshot 1`] = `
<div
  className="growthIndicator"
  data-testid="growthIndicator"
>
  <svg
    aria-hidden={true}
    className="MuiSvgIcon-root MuiSvgIcon-fontSizeMedium icon icon__up css-i4bv87-MuiSvgIcon-root"
    data-testid="upArrow"
    focusable="false"
    viewBox="0 0 24 24"
  >
    <path
      d="m4 12 1.41 1.41L11 7.83V20h2V7.83l5.58 5.59L20 12l-8-8-8 8z"
    />
  </svg>
  <div
    className="content"
  >
    <div
      className="percentage"
    >
      1.10
    </div>
     %
    <div
      className="descrtption"
    >
      Since yesterday
    </div>
  </div>
</div>
`;
